Case #1: 1
Case #2: 2
Case #3: 4
Case #4: 1
Case #5: 2
Case #6: 1
Case #7: 3
Case #8: 3
Case #9: 1
Case #10: 2
Case #11: 1
Case #12: 2
Case #13: 2
Case #14: 2
Case #15: 1
Case #16: 1
Case #17: 2
Case #18: 1
Case #19: 4
Case #20: 3
Case #21: 1
Case #22: 2
Case #23: 2
Case #24: 2
Case #25: 1
Case #26: 1
Case #27: 3
Case #28: 1
Case #29: 1
Case #30: 4
Case #31: 1
Case #32: 2
Case #33: 2
Case #34: 1
Case #35: 1
Case #36: 2
Case #37: 1
Case #38: 1
Case #39: 2
Case #40: 1
Case #41: 2
Case #42: 1
Case #43: 1
Case #44: 1
Case #45: 1
Case #46: 1
